---
source: tests/text_splitter_snapshots.rs
expression: chunks
---
- "# Headers\n\n"
- "```\n"
- "# h1 Heading 8-)"
- " 8-)\n"
- "## h2 Heading\n"
- "### h3 Heading\n"
- "#### h4 Heading\n"
- "##### h5 Heading"
- " Heading\n"
- "###### h6 "
- "#### h6 Heading\n"
- "\n"
- "Alternatively, "
- ", for H1 and H2,"
- " and H2, an "
- "H2, an underline"
- "-ish style:\n\n"
- "\nAlt-H1\n======\n\n"
- "======\n\nAlt-H2\n"
- "\nAlt-H2\n------\n"
- "------\n```\n\n"
- "# h1 Heading 8-)"
- "\n"
- "## h2 Heading\n"
- "### h3 Heading\n"
- "#### h4 Heading\n"
- "##### h5 Heading"
- "\n"
- "###### "
- "h6 Heading\n\n"
- "Alternatively, "
- ", for H1 and H2,"
- " and H2, an "
- "H2, an underline"
- "-ish style:\n\n"
- "Alt-H1\n======\n\n"
- "Alt-H2\n------\n\n"
- "------\n\n"
- "# Emphasis\n\n"
- "```\n"
- "Emphasis, aka "
- ", aka italics, "
- ", with *"
- " with *asterisks"
- "* or "
- or _underscores_
- ".\n\n"
- "Strong emphasis,"
- ", aka bold, with"
- ", with **"
- with **asterisks
- "** or "
- " __underscores__"
- ".\n\n"
- "Combined "
- " emphasis with *"
- " with **"
- with **asterisks
- " and "
- " _underscores_**"
- "**.\n\n"
- "Strikethrough "
- " uses two tildes"
- " tildes. "
- ~~Scratch this.
- "~~\n\n"
- "**This is bold "
- "is bold text**\n\n"
- "__This is bold "
- "is bold text__\n\n"
- "*This is italic "
- " italic text*\n\n"
- "_This is italic "
- " italic text_\n\n"
- ~~Strikethrough~
- "~~\n```\n\n"
- "Emphasis, aka "
- ", aka italics, "
- ", with "
- "*asterisks* or "
- "_underscores_.\n\n"
- "Strong emphasis,"
- ", aka bold, with"
- ", with "
- "**asterisks**"
- " or "
- __underscores__.
- ".\n\n"
- "Combined "
- " emphasis with "
- "**asterisks and "
- _underscores_**.
- "**.\n\n"
- "Strikethrough "
- " uses two tildes"
- " tildes. "
- ~~Scratch this.
- "~~\n\n"
- "**This is bold "
- "is bold text**\n\n"
- "__This is bold "
- "is bold text__\n\n"
- "*This is italic "
- " italic text*\n\n"
- "_This is italic "
- " italic text_\n\n"
- ~~Strikethrough~
- "~~\n\n------\n\n"
- "# Lists\n\n"
- "```\n"
- "1. "
- "First ordered "
- "ordered list "
- " list item\n2. "
- "2. Another item\n"
- "⋅⋅* Unordered "
- " sub-list.\n1. "
- "Actual numbers "
- "numbers don't "
- " don't matter, "
- "matter, just "
- ", just that it's"
- " it's a number\n"
- "⋅⋅1. "
- Ordered sub-list
- "sub-list\n4. "
- And another item
- " item.\n\n"
- "⋅⋅⋅You can have "
- " have properly "
- " indented "
- " paragraphs "
- " within list "
- " list items. "
- Notice the blank
- " blank line "
- " line above, and"
- ", and the "
- "and the leading "
- leading spaces (
- spaces (at least
- "at least one, "
- " one, but we'll "
- " we'll use three"
- " three here to "
- "here to also "
- "to also align "
- " align the raw "
- the raw Markdown
- "Markdown).\n\n"
- "⋅⋅⋅To have a "
- " have a line "
- " a line break "
- " break without a"
- " a paragraph, "
- ", you will need "
- " need to use two"
- " use two "
- use two trailing
- trailing spaces.
- "⋅⋅\n"
- "⋅⋅⋅Note that "
- " that this line "
- " line is "
- line is separate
- "separate, but "
- ", but within the"
- " the same "
- " same paragraph."
- "⋅⋅\n"
- "⋅⋅⋅(This is "
- This is contrary
- "contrary to the "
- " to the typical "
- typical GFM line
- "GFM line break "
- " break behaviour"
- ", where trailing"
- "trailing spaces "
- " spaces are not "
- are not required
- "required.)\n\n"
- "* Unordered list"
- " list can use "
- " use asterisks\n"
- "- Or minuses\n"
- "+ Or pluses\n\n1. "
- "Make my changes\n"
- "    1. Fix bug\n"
- "Fix bug\n    2. "
- "Improve "
- " formatting\n"
- "        - Make "
- "- Make the "
- " the headings "
- " bigger\n2. "
- "Push my commits "
- "commits to "
- " to GitHub\n3. "
- "Open a pull "
- " a pull request\n"
- "    * Describe "
- " my changes\n"
- "    * Mention "
- "Mention all the "
- "all the members "
- "members of my "
- " of my team\n"
- "        * Ask "
- "* Ask for "
- Ask for feedback
- "feedback\n\n"
- "+ Create a list "
- " a list by "
- list by starting
- "starting a line "
- " a line with `+`"
- "with `+`, `-`, "
- "`, `-`, or `*`\n"
- "+ Sub-lists are "
- " are made by "
- " by indenting 2 "
- " 2 spaces:\n"
- "  - Marker "
- Marker character
- " change forces "
- " forces new list"
- "new list start:\n"
- "    * Ac "
- "* Ac tristique "
- " libero volutpat"
- "volutpat at\n"
- "    + Facilisis "
- " in pretium nisl"
- " nisl aliquet\n"
- "    - Nulla "
- "- Nulla volutpat"
- volutpat aliquam
- " aliquam velit\n"
- "+ Very easy!\n"
- "```\n\n"
- "1. "
- "First ordered "
- "ordered list "
- " list item\n"
- "2. Another item\n"
- "\n⋅⋅*"
- " Unordered sub-"
- " sub-list.\n"
- "1. "
- "Actual numbers "
- "numbers don'"
- "t matter, just "
- ", just that it'"
- "'s a number\n"
- "⋅⋅1. "
- Ordered sub-list
- "sub-list\n"
- "4. "
- And another item
- " item.\n\n"
- "⋅⋅⋅You can have "
- " have properly "
- " indented "
- " paragraphs "
- " within list "
- " list items. "
- Notice the blank
- " blank line "
- " line above, and"
- ", and the "
- "and the leading "
- leading spaces (
- spaces (at least
- "at least one, "
- " one, but we'"
- "ll use three "
- " three here to "
- "here to also "
- "to also align "
- " align the raw "
- the raw Markdown
- "Markdown).\n\n"
- "⋅⋅⋅To have a "
- " have a line "
- " a line break "
- " break without a"
- " a paragraph, "
- ", you will need "
- " need to use two"
- " use two "
- use two trailing
- trailing spaces.
- "⋅⋅\n"
- "⋅⋅⋅Note that "
- " that this line "
- " line is "
- line is separate
- "separate, but "
- ", but within the"
- " the same "
- " same paragraph."
- "⋅⋅\n"
- "⋅⋅⋅(This is "
- This is contrary
- "contrary to the "
- " to the typical "
- typical GFM line
- "GFM line break "
- " break behaviour"
- ", where trailing"
- "trailing spaces "
- " spaces are not "
- are not required
- "required.)\n\n"
- "* "
- "Unordered list "
- " list can use "
- " use asterisks\n"
- "- Or minuses\n"
- "+ Or pluses\n\n"
- "1. "
- Make my changes
- "\n    1. Fix bug\n"
- "    2. "
- "Improve "
- " formatting\n"
- "        - "
- "Make the "
- " the headings "
- " bigger\n"
- "2. "
- "Push my commits "
- "commits to "
- " to GitHub\n"
- "3. "
- "Open a pull "
- " a pull request\n"
- "    * Describe "
- " my changes\n   "
- " * Mention all "
- " all the members"
- " members of my "
- " of my team\n"
- "        * Ask "
- Ask for feedback
- "\n\n+ "
- Create a list by
- " list by "
- list by starting
- "starting a line "
- " a line with `+`"
- "`+`, `-`, or `*`"
- ", or `*`\n"
- "+ Sub-lists are "
- " are made by "
- " by indenting 2 "
- " 2 spaces:\n  "
- "- Marker "
- Marker character
- " change forces "
- " forces new list"
- "new list start:\n"
- "    * Ac "
- "* Ac tristique "
- " libero volutpat"
- "volutpat at\n    "
- "+ Facilisis in "
- " in pretium nisl"
- " nisl aliquet\n"
- "    - "
- "Nulla volutpat "
- " aliquam velit\n"
- "+ Very easy!\n\n"
- "------\n\n"
- "# Task lists\n\n"
- "```\n"
- "- [x] Finish my "
- " my changes\n"
- "- [ ] Push my "
- "Push my commits "
- "commits to "
- " to GitHub\n"
- "- [ ] Open a "
- " Open a pull "
- " a pull request\n"
- "- [x] @mentions,"
- ", #refs, [links]"
- " [links](), **"
- "(), **formatting"
- "**, and <del>"
- " <del>tags</del>"
- "</del> supported"
- "\n"
- "- [x] list "
- "x] list syntax "
- " syntax required"
- "required (any "
- " (any unordered "
- " or ordered list"
- " list supported)"
- ")\n"
- "- [x] this is a "
- " is a complete "
- " item\n"
- "- [ ] this is an"
- " is an "
- is an incomplete
- " item\n```\n\n"
- "- [x] Finish my "
- " my changes\n"
- "- [ ] "
- "Push my commits "
- "commits to "
- " to GitHub\n"
- "- [ ] "
- "Open a pull "
- " a pull request\n"
- "- [x] "
- "@mentions, #refs"
- ", #refs, "
- "[links](), "
- ", **formatting**"
- ", and <del>tags"
- tags</del>
- "</del> supported"
- "\n- [x] "
- "list syntax "
- " syntax required"
- "required (any "
- " (any unordered "
- " or ordered list"
- " list supported)"
- ")\n"
- "- [ ] "
- "this is a "
- " is a complete "
- " item\n"
- "- [ ] this is an"
- " is an "
- is an incomplete
- " item\n\n------\n\n"
- "# "
- "Ignoring "
- " Markdown "
- " formatting\n\n"
- "You can tell "
- " tell GitHub to "
- " to ignore (or "
- " (or escape) "
- escape) Markdown
- "Markdown "
- " formatting by "
- " by using \\ "
- "using \\ before "
- " before the "
- " the Markdown "
- " character.\n\n"
- "```\n"
- "Let's rename \\*"
- " \\*our-new-"
- "our-new-project\\"
- "project\\* to \\*"
- "\\* to \\*our-old-"
- "our-old-project\\"
- "project\\*.\n```\n\n"
- "Let's rename \\"
- "*our-new-project"
- "\\* to \\"
- "*our-old-project"
- "\\*.\n\n------\n\n"
- "# Links\n\n"
- "```\n"
- "[I'm an inline-"
- " inline-style "
- "-style link]("
- " link](https://"
- //www.google.com
- ")\n\n"
- "[I'm an inline-"
- " inline-style "
- "-style link with"
- " with title]("
- " title](https://"
- //www.google.com
- " \"Google's "
- " Homepage\")\n\n"
- "[I'm a reference"
- "-style link]["
- " link][Arbitrary"
- " case-"
- case-insensitive
- " reference text]"
- " text]\n\n"
- "[I'm a relative "
- " reference to a "
- " to a repository"
- " file](../blob/"
- "../blob/master/"
- /master/LICENSE)
- "LICENSE)\n\n"
- "[You can use "
- "can use numbers "
- "numbers for "
- " for reference-"
- "-style link "
- link definitions
- "][1]\n\n"
- "Or leave it "
- " it empty and "
- " and use the ["
- " the [link text "
- " text itself].\n\n"
- URLs and URLs in
- " URLs in angle "
- " angle brackets "
- " will "
- " automatically "
- " get turned into"
- " into links.\n"
- "http://"
- /www.example.com
- " or <http://"
- /www.example.com
- "> and sometimes\n"
- example.com (but
- " (but not on "
- " not on Github, "
- "Github, for "
- ", for example).\n"
- "\n"
- "Some text to "
- "text to show "
- to show that the
- "that the "
- " the reference "
- " links can "
- " can follow "
- " follow later.\n\n"
- "[arbitrary case-"
- case-insensitive
- " reference text]"
- " text]: https://"
- /www.mozilla.org
- "\n"
- "[1]: http://"
- "://slashdot.org\n"
- "[link text "
- " text itself]: "
- "]: http://"
- //www.reddit.com
- "\n```\n\n"
- "[I'm an inline-"
- " inline-style "
- "-style link]("
- " link](https://"
- //www.google.com
- ")\n\n"
- "[I'm an inline-"
- " inline-style "
- "-style link with"
- " with title]("
- " title](https://"
- //www.google.com
- " \"Google's "
- " Homepage\")\n\n"
- "[I'm a reference"
- "-style link]["
- " link][Arbitrary"
- " case-"
- case-insensitive
- " reference text]"
- " text]\n\n"
- "[I'm a relative "
- " reference to a "
- " to a repository"
- " file](../blob/"
- "../blob/master/"
- /master/LICENSE)
- "LICENSE)\n\n"
- "[You can use "
- "can use numbers "
- "numbers for "
- " for reference-"
- "-style link "
- link definitions
- "][1]\n\n"
- "Or leave it "
- " it empty and "
- " and use the "
- "[link text "
- " text itself].\n\n"
- URLs and URLs in
- " URLs in angle "
- " angle brackets "
- " will "
- " automatically "
- " get turned into"
- " into links.\n"
- "http://"
- /www.example.com
- " or "
- "<http://"
- /www.example.com
- "> and sometimes\n"
- example.com (but
- " (but not on "
- " not on Github, "
- "Github, for "
- ", for example).\n"
- "\n"
- "Some text to "
- "text to show "
- to show that the
- "that the "
- " the reference "
- " links can "
- " can follow "
- " follow later.\n\n"
- "[arbitrary case-"
- case-insensitive
- " reference text]"
- " text]: https://"
- /www.mozilla.org
- "\n"
- "[1]: http://"
- "://slashdot.org\n"
- "[link text "
- " text itself]: "
- "]: http://"
- //www.reddit.com
- "\n\n------\n\n"
- "# Images\n\n"
- "```\n"
- "Here's our logo "
- " logo (hover to "
- " to see the "
- "see the title "
- " title text):\n\n"
- "\nInline-style:\n"
- "!["
- "alt text](https:"
- "](https://"
- "://github.com/"
- /adam-p/markdown
- markdown-here/
- "-here/raw/master"
- /master/src/
- /src/common/
- /common/images/
- /images/icon48.
- "/icon48.png \""
- ".png \"Logo Title"
- " Title Text 1\")\n"
- "\n"
- "Reference-style:"
- "-style:\n!["
- "alt text][logo]\n"
- "\n"
- "[logo]: https://"
- "://github.com/"
- /adam-p/markdown
- markdown-here/
- "-here/raw/master"
- /master/src/
- /src/common/
- /common/images/
- /images/icon48.
- "/icon48.png \""
- ".png \"Logo Title"
- " Title Text 2\"\n\n"
- "\n!["
- "Minion](https://"
- octodex.github.c
- github.com/
- /images/
- "/minion.png)\n!["
- "Stormtroopocat]("
- "](https://"
- octodex.github.c
- github.com/
- /images/
- stormtroopocat.j
- "opocat.jpg \"The "
- " Stormtroopocat\""
- "\")\n\n"
- "Like links, "
- " links, Images "
- " Images also "
- " also have a "
- " have a footnote"
- "footnote style "
- " style syntax\n\n"
- "\n!["
- "![Alt text][id]\n"
- "\n"
- With a reference
- " later in the "
- " in the document"
- "document "
- " defining the "
- " the URL "
- the URL location
- "location:\n\n"
- "[id]: https://"
- octodex.github.c
- github.com/
- /images/
- "/dojocat.jpg  \""
- "  \"The Dojocat\"\n"
- "```\n\n"
- "Here'"
- s our logo (
- " logo (hover to "
- " to see the "
- "see the title "
- " title text):\n\n"
- "Inline-style:\n"
- "!["
- alt text
- "](https://"
- "://github.com/"
- /adam-p/markdown
- markdown-here/
- "-here/raw/master"
- /master/src/
- /src/common/
- /common/images/
- /images/icon48.
- "/icon48.png \""
- ".png \"Logo Title"
- " Title Text 1\")\n"
- "\n"
- "Reference-style:"
- "\n"
- "!["
- alt text
- "][logo]\n\n"
- "[logo]: https://"
- "://github.com/"
- /adam-p/markdown
- markdown-here/
- "-here/raw/master"
- /master/src/
- /src/common/
- /common/images/
- /images/icon48.
- "/icon48.png \""
- ".png \"Logo Title"
- " Title Text 2\"\n\n"
- "!["
- Minion
- "](https://"
- octodex.github.c
- github.com/
- /images/
- "/minion.png)\n"
- "!["
- Stormtroopocat
- "](https://"
- octodex.github.c
- github.com/
- /images/
- stormtroopocat.j
- "opocat.jpg \"The "
- " Stormtroopocat\""
- "\")\n\n"
- "Like links, "
- " links, Images "
- " Images also "
- " also have a "
- " have a footnote"
- "footnote style "
- " style syntax\n\n"
- "![Alt text][id]\n"
- "\n"
- With a reference
- " later in the "
- " in the document"
- "document "
- " defining the "
- " the URL "
- the URL location
- "location:\n\n"
- "[id]: https://"
- octodex.github.c
- github.com/
- /images/
- "/dojocat.jpg  \""
- "  \"The Dojocat\"\n"
- "\n------\n\n"
- "# "
- "[Footnotes]("
- "](https://"
- "://github.com/"
- /markdown-it/
- "-it/markdown-it-"
- "-it-footnote)\n\n"
- "```\n"
- "Footnote 1 link["
- " 1 link[^first]."
- "^first].\n\n"
- "Footnote 2 link["
- " 2 link[^second]"
- "^second].\n\n"
- Inline footnote^
- "^[Text of inline"
- " inline footnote"
- "footnote] "
- "] definition.\n\n"
- "Duplicated "
- " footnote "
- " reference[^"
- "[^second].\n\n"
- "[^first]: "
- "first]: Footnote"
- "Footnote **can "
- " **can have "
- " have markup**\n\n"
- "    and multiple"
- "multiple "
- " paragraphs.\n\n"
- "[^second]: "
- "]: Footnote text"
- " text.\n```\n\n"
- Footnote 1 link
- "[^first].\n\n"
- Footnote 2 link
- "[^second].\n\n"
- Inline footnote^
- "["
- "Text of inline "
- " inline footnote"
- "] definition.\n\n"
- "Duplicated "
- " footnote "
- " reference"
- "[^second].\n\n"
- "[^first]: "
- "Footnote "
- "**can have "
- " have markup**\n\n"
- "\n    "
- "and multiple "
- " paragraphs.\n\n"
- "[^second]: "
- "Footnote text.\n\n"
- "------\n\n"
- "# "
- "Code and Syntax "
- " Highlighting\n\n"
- "```\n"
- "Inline `code` "
- " `code` has `"
- "` has `back-"
- " `back-ticks "
- "-ticks around` "
- "around` it.\n```\n"
- "```\n\n"
- "Inline `code`"
- "`code` has "
- "`back-ticks "
- "-ticks around`"
- " it.\n\n"
- "```c#\n"
- "using "
- System.IO.Compre
- "O.Compression;\n\n"
- "#pragma warning "
- "warning disable "
- "disable 414, "
- " 414, 3021\n\n"
- "namespace "
- " MyApplication\n"
- "{\n"
- "    [Obsolete(\"."
- "(\"...\")]\n"
- "    class "
- "class Program : "
- " : IInterface\n"
- "    {\n"
- "        public "
- "public static "
- " static List<int"
- "List<int> "
- "<int> JustDoIt("
- "(int count)\n"
- "        {\n"
- "            "
- Console.WriteLin
- "WriteLine($\""
- "($\"Hello {Name}!"
- " {Name}!\");\n"
- "            "
- return new List<
- " List<int>(new "
- ">(new int[] { 1,"
- "[] { 1, 2, 3 })\n"
- "        }\n    }\n"
- "    }\n}\n```\n\n"
- "```css\n"
- "@font-face {\n"
- "  font-family: "
- ": Chunkfive; src"
- "; src: url('"
- "('Chunkfive.otf'"
- "');\n}\n\n"
- "body, .usertext "
- " {\n"
- "  color: #F0F0F0"
- " #F0F0F0; "
- "; background: #"
- ": #600;\n"
- "  font-family: "
- ": Chunkfive, "
- ", sans;\n}\n\n"
- "@import url("
- " url(print.css);"
- ");\n"
- "@media print {\n"
- "  a[href^=http]:"
- "^=http]::after {"
- ":after {\n"
- "    content: "
- ": attr(href)\n"
- "  }\n}\n```\n\n"
- "```javascript\n"
- function $
- " $initHighlight("
- "(block, cls) {\n"
- "  try {\n"
- "    if ("
- if (cls.search(/
- "(/\\bno\\-"
- "/\\bno\\-highlight"
- "\\b/) != -1)\n"
- "      return "
- return process(
- "process(block, "
- "(block, true, "
- ", true, 0x0F) +\n"
- "             ` "
- "` class=\"${cls}\""
- "\"${cls}\"`;\n"
- "  } catch (e) {\n"
- "    /* handle "
- handle exception
- " */\n  }\n"
- "  for (var i = 0"
- " i = 0 / 2; i < "
- "< classes.length"
- "; i++) {\n"
- "    if ("
- " (checkCondition"
- "(classes[i]) ==="
- "[i]) === "
- "]) === undefined"
- ")\n"
- "      "
- "console.log('"
- "('undefined');\n"
- "  }\n}\n\n"
- export  $
- "  $initHighlight"
- ";\n```\n\n"
- "```php\n"
- "require_once '"
- " 'Zend/Uri/"
- "/Uri/Http.php';\n"
- "\n"
- "namespace "
- " Location\\Web;\n\n"
- "interface "
- " Factory\n{\n"
- "    static "
- "static function "
- " _factory();\n}\n\n"
- "abstract class "
- " class URI "
- " URI extends "
- "extends BaseURI "
- " implements "
- " Factory\n{\n"
- "    abstract "
- " function test()"
- " test();\n\n"
- "    public "
- public static $
- static $st1 = 1;
- "st1 = 1;\n"
- "    const ME = \""
- " ME = \"Yo\";\n"
- "    var $list = "
- "$list = NULL;\n"
- "    private $var"
- " $var;\n\n    /**\n"
- "     * Returns a"
- " a URI\n     *\n"
- "     * @return "
- "@return URI\n"
- "     */\n"
- "    static "
- "static public "
- " public function"
- "function "
- " _factory($stats"
- ($stats = array(
- "= array(), $uri "
- "), $uri = 'http'"
- "= 'http')\n    {\n"
- "        echo "
- echo __METHOD__;
- ";\n"
- "        $uri = "
- "$uri = explode('"
- "(':', $uri, 0b10"
- ", 0b10);\n"
- "        $"
- "$schemeSpecific "
- " = isset($uri[1]"
- "($uri[1]) ? "
- "$uri[1] : '';\n"
- "        $desc = "
- "$desc = 'Multi\n"
- line description
- "';\n\n"
- "        // "
- "// Security "
- " check\n"
- "        if (!"
- ctype_alnum($
- "($scheme)) {\n"
- "            "
- "throw new "
- Zend_Uri_Excepti
- "_Exception('"
- "('Illegal scheme"
- " scheme');\n"
- "        }\n\n"
- "        $this->"
- $this->var = 0 -
- " = 0 - self::$st"
- "::$st;\n"
- "        $this->"
- "$this->list = "
- ">list = list("
- " = list(Array(\"1"
- "Array(\"1\"=> 2, 2"
- "\"=> 2, 2=>self::"
- "=>self::ME, 3 =>"
- "ME, 3 => \\"
- ", 3 => \\Location"
- "Location\\Web\\URI"
- "\\Web\\URI::class)"
- "::class));\n\n"
- "        return ["
- "return [\n"
- "            'uri"
- "'uri'   => $uri,"
- "=> $uri,\n"
- "            '"
- "'value' => null,"
- "=> null,\n"
- "        ];\n"
- "    }\n}\n\n"
- "\necho URI::ME . "
- "URI::$st1;\n\n"
- "__halt_compiler "
- " () ; datahere\n"
- "datahere\n"
- "datahere */\n"
- "datahere\n```\n\n"
- "------\n\n"
- "# Tables\n\n"
- "```\n"
- "Colons can be "
- " can be used to "
- "used to align "
- " align columns.\n"
- "\n"
- "| Tables        "
- "        | Are"
- "| Are           "
- "| Cool  |\n"
- "| ------------- "
- "------- |:------"
- "|:-------------:"
- "-------:| -----:"
- "| -----:|\n"
- "| col 3 is      "
- is      | right-
- "| right-aligned "
- "aligned | $1600 "
- "| $1600 |\n"
- "| col 2 is      "
- "is      | "
- "      | centered"
- centered      |
- "      |   $12 |\n"
- "| zebra stripes "
- "stripes | are "
- " | are neat"
- are neat      |
- "      |    $1 |\n"
- "\n"
- There must be at
- " be at least 3 "
- "least 3 dashes "
- " separating each"
- " each header "
- " header cell.\n"
- "The outer pipes "
- " pipes (|) are "
- (|) are optional
- "optional, and "
- ", and you don't "
- " don't need to "
- need to make the
- "make the\n"
- "raw Markdown "
- " line up "
- line up prettily
- "prettily. "
- You can also use
- "also use inline "
- " inline Markdown"
- "Markdown.\n\n"
- "Markdown | Less "
- " | Less | Pretty"
- "| Pretty\n"
- "--- | --- | ---\n"
- "*Still* | `"
- "* | `renders` | "
- "` | **nicely**\n"
- "1 | 2 | 3\n\n"
- "| First Header  "
- Header  | Second
- "| Second Header "
- " Header |\n"
- "| ------------- "
- "------- | ------"
- "| ------------- "
- "------- |\n"
- "| Content Cell  "
- " Cell  | Content"
- " Content Cell  |"
- " Cell  |\n"
- "| Content Cell  "
- " Cell  | Content"
- " Content Cell  |"
- " Cell  |\n\n"
- "| Command | "
- " | Description |"
- " |\n"
- "| --- | --- |\n"
- "| git status | "
- " | List all new "
- "all new or "
- " new or modified"
- modified files |
- " files |\n"
- "| git diff | "
- " diff | Show "
- " | Show file "
- file differences
- " that haven't "
- "haven't been "
- " been staged |\n\n"
- "| Command | "
- " | Description |"
- " |\n"
- "| --- | --- |\n"
- "| `git status` |"
- "` | List all *"
- " all *new or "
- "*new or modified"
- "modified* files "
- "* files |\n"
- "| `git diff` | "
- "diff` | Show "
- " | Show file "
- file differences
- " that **haven't "
- "haven't been** "
- " been** staged |"
- "staged |\n\n"
- "| Left-aligned |"
- " | Center-"
- " Center-aligned "
- aligned | Right-
- "| Right-aligned "
- "aligned |\n"
- "| :---         |"
- "|     :---:"
- ":---:      |"
- "|          ---: "
- "---: |\n"
- "| git status   |"
- "   | git status"
- " status     | "
- "     | git "
- "| git status    "
- "    |\n"
- "| git diff     |"
- "     | git diff"
- git diff       |
- "       | git "
- "| git diff      "
- "      |\n\n"
- "| Name     | "
- "     | Character"
- " |\n"
- "| ---      | ---"
- "| ---       |\n"
- "| Backtick | `"
- " | `         |\n"
- "| Pipe     | \\|"
- "| \\|        |\n"
- "```\n\n"
- "Colons can be "
- " can be used to "
- "used to align "
- " align columns.\n"
- "\n|"
- " Tables        |"
- "| Are           "
- "| Cool  "
- "|\n"
- "| ------------- "
- "------- |:------"
- "|:-------------:"
- "-------:| -----:"
- "| -----:|\n"
- "| col 3 is      "
- "| right-aligned "
- "| $1600 |\n"
- "| col 2 is      "
- "| centered      "
- "|   $12 |\n"
- "| zebra stripes "
- "| are neat      "
- "|    $1 |\n\n"
- There must be at
- " be at least 3 "
- "least 3 dashes "
- " separating each"
- " each header "
- " header cell.\n"
- "The outer pipes "
- " pipes (|) are "
- (|) are optional
- "optional, and "
- ", and you don'"
- "t need to make "
- "to make the\n"
- "raw Markdown "
- " line up "
- line up prettily
- "prettily. "
- You can also use
- "also use inline "
- " inline Markdown"
- "Markdown.\n\n"
- "Markdown | Less "
- " | Less | Pretty"
- "\n"
- "--- | --- | ---\n"
- "*Still* |"
- "| `renders` |"
- "| **nicely**\n"
- "1 | 2 | 3\n"
- "\n|"
- " First Header  |"
- "| Second Header "
- "|\n"
- "| ------------- "
- "------- | ------"
- "| ------------- "
- "------- |\n"
- "| Content Cell  "
- "| Content Cell  "
- "|\n"
- "| Content Cell  "
- "| Content Cell  "
- "|\n\n"
- "| Command | "
- " | Description "
- "|\n| --- | --- |\n"
- "| git status |"
- " List all new or"
- " new or modified"
- modified files |
- " files |\n"
- "| git diff |"
- " Show file "
- file differences
- " that haven'"
- "'t been staged"
- " |\n\n"
- "| Command | "
- " | Description "
- "|\n| --- | --- |\n"
- "| `git status` |"
- " List all *new "
- "*new or modified"
- modified* files
- " files |\n"
- "| `git diff` |"
- " Show file "
- file differences
- " that "
- "**haven't been**"
- " staged |\n\n"
- "| Left-aligned |"
- " Center-aligned "
- "| Right-aligned "
- "|\n"
- "| :---         |"
- "|     :---:"
- ":---:      |"
- "|          ---: "
- "---: |\n"
- "| git status   |"
- " git status     "
- "| git status    "
- "|\n"
- "| git diff     |"
- " git diff       "
- "| git diff      "
- "|\n\n"
- "| Name     | "
- " Character "
- "|\n"
- "| ---      | ---"
- "| ---       |\n"
- "| Backtick |"
- "| `         |\n"
- "| Pipe     |"
- "| \\|        |\n\n"
- "------\n\n"
- "# Blockquotes\n\n"
- "```\n"
- "> Blockquotes "
- " are very handy "
- " handy in email "
- " email to "
- " to emulate "
- "emulate reply "
- " reply text.\n"
- "> This line is "
- "line is part of "
- part of the same
- "the same quote.\n"
- "\nQuote break.\n\n"
- "> This is a very"
- " a very long "
- " long line that "
- " that will still"
- " still be quoted"
- " quoted properly"
- properly when it
- " when it wraps. "
- "Oh boy let's "
- " let's keep "
- " keep writing to"
- " to make sure "
- " sure this is "
- "this is long "
- "is long enough "
- " enough to "
- " to actually "
- " wrap for "
- " for everyone. "
- "Oh, you can *put"
- can *put* **
- "*put* **Markdown"
- "Markdown** into "
- "** into a "
- " a blockquote.\n\n"
- "> Blockquotes "
- " can also be "
- also be nested..
- "nested...\n"
- ">> ...by using "
- using additional
- " greater-than "
- "-than signs "
- " signs right "
- " right next to "
- "next to each "
- to each other...
- "other...\n"
- "> > > ...or with"
- ".or with spaces "
- " spaces between "
- "between arrows.\n"
- "```\n\n"
- "> "
- "Blockquotes are "
- " are very handy "
- " handy in email "
- " email to "
- " to emulate "
- "emulate reply "
- " reply text.\n> "
- "This line is "
- "line is part of "
- part of the same
- "the same quote.\n"
- "\nQuote break.\n"
- "\n> "
- "This is a very "
- " a very long "
- " long line that "
- " that will still"
- " still be quoted"
- " quoted properly"
- properly when it
- " when it wraps. "
- "Oh boy let'"
- "s keep writing "
- "writing to make "
- "to make sure "
- " sure this is "
- "this is long "
- "is long enough "
- " enough to "
- " to actually "
- " wrap for "
- " for everyone. "
- "Oh, you can "
- "*put* "
- " **Markdown**"
- " into a "
- " a blockquote.\n\n"
- "> "
- "Blockquotes can "
- " can also be "
- also be nested
- "...\n>"
- "> ..."
- "by using "
- using additional
- " greater-than "
- "-than signs "
- " signs right "
- " right next to "
- "next to each "
- to each other...
- "...\n> > "
- "> ..."
- "or with spaces "
- " spaces between "
- "between arrows.\n"
- "\n------\n\n"
- "# Inline HTML\n\n"
- "```\n"
- "<dl>\n"
- "  <dt>Definition"
- " list</dt>\n"
- "  <dd>Is "
- "<dd>Is something"
- " people use "
- " use sometimes.<"
- ".</dd>\n\n"
- "  <dt>Markdown "
- " in HTML</dt>\n"
- "  <dd>Does *not*"
- " *not* work **"
- " work **very** "
- "*very** well. "
- Use HTML <em>
- " <em>tags</em>.<"
- "</em>.</dd>\n"
- "</dl>\n```\n\n<dl>\n"
- "  <dt>Definition"
- " list</dt>\n"
- "  <dd>Is "
- "<dd>Is something"
- " people use "
- " use sometimes.<"
- ".</dd>\n\n  "
- "<dt>Markdown in "
- " in HTML</dt>\n"
- "  <dd>Does *not*"
- " *not* work **"
- " work **very** "
- "*very** well. "
- Use HTML <em>
- " <em>tags</em>.<"
- "</em>.</dd>\n"
- "</dl>\n\n------\n\n"
- "# "
- Horizontal Rules
- "\n\n```\n"
- Three or more...
- " more...\n\n---\n\n"
- "\n---\n\nHyphens\n\n"
- "\n***\n\nAsterisks\n"
- "\n___\n\n"
- "\nUnderscores\n"
- "```\n\n"
- Three or more...
- "...\n\n---\n"
- "---\n\nHyphens\n\n"
- "***\n\nAsterisks\n\n"
- "___\n"
- "\nUnderscores\n\n"
- "------\n\n"
- "# YouTube Videos"
- "\n\n```\n"
- "<a href=\"http://"
- /www.youtube.com
- /watch?
- feature=
- "=player_embedded"
- "&v="
- YOUTUBE_VIDEO_ID
- "VIDEO_ID_HERE\" "
- "\" target=\"_blank"
- "=\"_blank\">\n"
- "<img src=\"http:/"
- "=\"http://"
- /img.youtube.com
- /vi/
- YOUTUBE_VIDEO_ID
- VIDEO_ID_HERE/0.
- "/0.jpg\" alt=\""
- "\" alt=\"IMAGE ALT"
- " ALT TEXT HERE\" "
- " HERE\" width=\""
- " width=\"240\" "
- "=\"240\" height=\""
- "height=\"180\" "
- "=\"180\" border=\""
- "border=\"10\">\n"
- "</a>\n```\n\n"
- "<a href=\"http://"
- /www.youtube.com
- /watch?
- feature=
- "=player_embedded"
- "&v="
- YOUTUBE_VIDEO_ID
- "VIDEO_ID_HERE\" "
- "\" target=\"_blank"
- "=\"_blank\">\n"
- "<img src=\"http:/"
- "=\"http://"
- /img.youtube.com
- /vi/
- YOUTUBE_VIDEO_ID
- VIDEO_ID_HERE/0.
- "/0.jpg\" alt=\""
- "\" alt=\"IMAGE ALT"
- " ALT TEXT HERE\" "
- " HERE\" width=\""
- " width=\"240\" "
- "=\"240\" height=\""
- "height=\"180\" "
- "=\"180\" border=\""
- "border=\"10\">\n"
- "</a>\n"
- "\n```\n"
- "[!["
- "IMAGE ALT TEXT "
- " TEXT HERE](http"
- "](http://"
- /img.youtube.com
- /vi/
- YOUTUBE_VIDEO_ID
- VIDEO_ID_HERE/0.
- "/0.jpg)](http://"
- /www.youtube.com
- /watch?
- v=
- YOUTUBE_VIDEO_ID
- "VIDEO_ID_HERE)\n"
- "```\n\n"
- "[!["
- "IMAGE ALT TEXT "
- " TEXT HERE]("
- " HERE](https://"
- upload.wikimedia
- ikimedia.org/
- /wikipedia/
- /commons/thumb/e
- /thumb/e/ef/
- YouTube_logo_201
- logo_2015.svg/
- ".svg/1200px-"
- YouTube_logo_201
- logo_2015.
- ".svg.png)](https"
- ")](https://"
- /www.youtube.com
- /watch?
- "v=ciawICBvQoE)\n"
