---
source: tests/text_splitter_snapshots.rs
expression: chunks
input_file: tests/inputs/markdown/markdown_syntax.md
---
- "Markdown: "
- "Syntax\n"
- "=========="
- "======\n\n"
- "<ul id=\""
- ProjectSub
- "menu\">\n"
- "    <li><a"
- " href=\"/"
- projects/
- "markdown/\""
- " title=\""
- "Markdown "
- "Project "
- "Page\">Main"
- "</a></li>\n"
- "    <li><a"
- " href=\"/"
- projects/
- markdown/
- "basics\" "
- "title=\""
- "Markdown "
- "Basics\">"
- Basics</a>
- "</li>\n"
- "    <li><a"
- " class=\""
- "selected\" "
- "title=\""
- "Markdown "
- "Syntax "
- Documentat
- "ion\">"
- Syntax</a>
- "</li>\n"
- "    <li><a"
- " href=\"/"
- projects/
- markdown/
- "license\" "
- "title=\""
- "Pricing "
- "and "
- "License "
- Informatio
- "n\">License"
- "</a></li>\n"
- "    <li><a"
- " href=\"/"
- projects/
- markdown/
- "dingus\" "
- "title=\""
- "Online "
- "Markdown "
- "Web Form\">"
- Dingus</a>
- "</li>\n"
- "</ul>\n\n\n"
- "*   ["
- "Overview]("
- "#overview)"
- "\n"
- "    *   ["
- Philosophy
- "](#"
- philosophy
- ")\n"
- "    *   ["
- "Inline "
- "HTML](#"
- "html)\n"
- "    *   ["
- "Automatic "
- "Escaping "
- "for "
- "Special "
- Characters
- "](#"
- autoescape
- ")\n"
- "*   [Block"
- " Elements]"
- "(#block)\n"
- "    *   ["
- Paragraphs
- " and Line "
- "Breaks](#p"
- ")\n"
- "    *   ["
- "Headers](#"
- "header)\n"
- "    *   ["
- Blockquote
- "s](#"
- blockquote
- ")\n"
- "    *   ["
- "Lists](#"
- "list)\n"
- "    *   ["
- "Code "
- "Blocks](#"
- "precode)\n"
- "    *   ["
- Horizontal
- " Rules](#"
- "hr)\n"
- "*   [Span "
- "Elements]("
- "#span)\n"
- "    *   ["
- "Links](#"
- "link)\n"
- "    *   ["
- "Emphasis]("
- "#em)\n"
- "    *   ["
- "Code](#"
- "code)\n"
- "    *   ["
- "Images](#"
- "img)\n"
- "*   ["
- Miscellane
- "ous](#misc"
- ")\n"
- "    *   ["
- "Backslash "
- "Escapes](#"
- backslash)
- "\n"
- "    *   ["
- "Automatic "
- "Links](#"
- "autolink)\n"
- "\n\n"
- "**Note:** "
- "This "
- "document "
- "is itself "
- "written "
- "using "
- "Markdown; "
- "you\n"
- "can [see "
- the source
- " for it by"
- " adding '."
- "text' to "
- "the URL]["
- "src].\n\n"
- "  [src]: /"
- projects/
- markdown/
- syntax.tex
- "t\n\n* * *\n"
- "\n"
- "<h2 id=\""
- "overview\">"
- Overview</
- "h2>\n\n"
- "<h3 id=\""
- philosophy
- "\">"
- Philosophy
- "</h3>\n\n"
- "Markdown "
- "is "
- "intended "
- "to be as "
- easy-to-
- "read and "
- easy-to-
- "write as "
- "is "
- "feasible.\n"
- "\n"
- Readabilit
- "y, however"
- ", is "
- emphasized
- " above all"
- " else. "
- A Markdown
- "-formatted"
- "\n"
- "document "
- "should be "
- publishabl
- "e as-is, "
- "as plain "
- "text, "
- "without "
- "looking\n"
- "like it's "
- "been "
- "marked up "
- "with tags "
- "or "
- formatting
- " "
- instructio
- "ns. While\n"
- "Markdown's"
- " syntax "
- "has been "
- influenced
- " by "
- "several "
- "existing "
- text-to-
- "HTML\n"
- filters --
- " including"
- " [Setext]["
- "1], [atx]["
- "2], ["
- "Textile][3"
- "], ["
- reStructur
- "edText][4]"
- ",\n"
- "[Grutatext"
- "][5], and "
- "[EtText][6"
- "] -- the "
- "single "
- "biggest "
- "source of\n"
- inspiratio
- "n for "
- "Markdown's"
- " syntax is"
- " the "
- "format of "
- plain text
- " email.\n\n"
- "  [1]: "
- "http://"
- docutils.s
- ourceforge
- ".net/"
- mirror/
- setext.htm
- "l\n"
- "  [2]: "
- "http://"
- www.aarons
- w.com/2002
- "/atx/\n"
- "  [3]: "
- "https://"
- web.archiv
- e.org/web/
- "2002122603"
- "5527/http:"
- //
- textism.co
- m/tools/
- "textile/\n"
- "  [4]: "
- "http://"
- docutils.s
- ourceforge
- ".net/"
- "rst.html\n"
- "  [5]: "
- "http://"
- www.tripti
- co.com/
- software/
- grutatxt.h
- "tml\n"
- "  [6]: "
- "http://"
- ettext.tai
- nt.org/doc
- "/\n\n"
- "To this "
- "end, "
- "Markdown's"
- " syntax is"
- " comprised"
- " entirely "
- "of "
- punctuatio
- "n\n"
- characters
- ", which "
- punctuatio
- "n "
- characters
- " have been"
- " carefully"
- " chosen so"
- "\n"
- as to look
- " like what"
- " they mean"
- ". "
- "E.g., "
- "asterisks "
- "around a "
- "word "
- "actually\n"
- "look like "
- "\\*emphasis"
- "\\*. "
- "Markdown "
- lists look
- " like, "
- "well, "
- "lists. "
- "Even\n"
- blockquote
- "s look "
- "like "
- "quoted "
- "passages "
- "of text, "
- "assuming "
- "you've "
- "ever\n"
- used email
- ".\n\n\n\n"
- "<h3 id=\""
- "html\">"
- "Inline "
- "HTML</h3>\n"
- "\n"
- "Markdown's"
- " syntax is"
- " intended "
- "for one "
- "purpose: "
- to be used
- " as a\n"
- format for
- " *writing*"
- " for the "
- "web.\n\n"
- "Markdown "
- "is not a "
- replacemen
- t for HTML
- ", or even "
- "close to "
- "it. Its\n"
- "syntax is "
- very small
- ", "
- correspond
- "ing only "
- "to a very "
- "small "
- "subset of\n"
- HTML tags.
- " The idea "
- "is *not* "
- "to create "
- "a syntax "
- that makes
- " it easier"
- "\n"
- "to insert "
- HTML tags.
- " In my "
- "opinion, "
- "HTML tags "
- "are "
- "already "
- "easy to\n"
- "insert. "
- "The idea "
- "for "
- "Markdown "
- is to make
- " it easy "
- "to read, "
- "write, and"
- "\n"
- edit prose
- ". "
- "HTML is a "
- "*"
- publishing
- "* format; "
- "Markdown "
- is a *
- "writing*\n"
- "format. "
- "Thus, "
- "Markdown's"
- " "
- formatting
- " syntax "
- "only "
- "addresses "
- "issues "
- "that\n"
- "can be "
- "conveyed "
- "in plain "
- "text.\n\n"
- "For any "
- "markup "
- "that is "
- "not "
- covered by
- " "
- "Markdown's"
- " syntax, "
- you simply
- "\n"
- "use HTML "
- "itself. "
- "There's no"
- " need to "
- preface it
- " or "
- delimit it
- " to\n"
- "indicate "
- "that "
- "you're "
- "switching "
- "from "
- "Markdown "
- "to HTML; "
- "you just "
- "use\n"
- "the tags.\n"
- "\n"
- "The only "
- restrictio
- "ns are "
- that block
- "-level "
- "HTML "
- elements -
- "- e.g. `<"
- "div>`,\n"
- "`<table>`,"
- " `<pre>`, "
- "`<p>`, etc"
- ". -- must "
- "be "
- "separated "
- "from "
- surroundin
- "g\n"
- content by
- " blank "
- "lines, and"
- " the start"
- " and end "
- "tags of "
- "the block "
- "should\n"
- "not be "
- "indented "
- "with tabs "
- or spaces.
- " Markdown "
- "is smart "
- enough not
- "\n"
- "to add "
- extra (
- "unwanted) "
- "`<p>` tags"
- " around "
- HTML block
- "-level "
- "tags.\n\n"
- "For "
- "example, "
- "to add an "
- HTML table
- " to a "
- "Markdown "
- "article:\n\n"
- "    This "
- "is a "
- "regular "
- paragraph.
- "\n\n"
- "    <table"
- ">\n"
- "        <"
- "tr>\n"
- "          "
- "  <td>Foo<"
- "/td>\n"
- "        </"
- "tr>\n"
- "    </"
- "table>\n\n"
- "    This "
- is another
- " regular "
- paragraph.
- "\n\n"
- "Note that "
- "Markdown "
- formatting
- " syntax is"
- " not "
- "processed "
- "within "
- block-
- "level\n"
- HTML tags.
- " E.g., you"
- " can't use"
- " Markdown-"
- "style `*"
- "emphasis*`"
- " inside an"
- "\n"
- HTML block
- ".\n\n"
- Span-level
- " HTML tags"
- " -- e.g. `"
- "<span>`, `"
- "<cite>`, "
- "or `<del>`"
- " -- can be"
- "\n"
- "used "
- "anywhere "
- "in a "
- "Markdown "
- "paragraph,"
- " list item"
- ", or "
- "header. "
- "If you\n"
- "want, you "
- "can even "
- "use HTML "
- "tags "
- instead of
- " Markdown "
- formatting
- "; e.g. if\n"
- "you'd "
- "prefer to "
- "use HTML `"
- "<a>` or `<"
- "img>` tags"
- " instead "
- "of "
- "Markdown's"
- "\n"
- "link or "
- "image "
- "syntax, go"
- " right "
- "ahead.\n\n"
- "Unlike "
- block-
- level HTML
- " tags, "
- "Markdown "
- syntax *is
- "* "
- "processed "
- "within\n"
- span-level
- " tags.\n\n\n"
- "<h3 id=\""
- autoescape
- "\">"
- "Automatic "
- "Escaping "
- "for "
- "Special "
- Characters
- "</h3>\n\n"
- "In HTML, "
- "there are "
- "two "
- characters
- " that "
- "demand "
- "special "
- "treatment:"
- " `<`\n"
- "and `&`. "
- Left angle
- " brackets "
- "are used "
- "to start "
- "tags; "
- ampersands
- " are\n"
- "used to "
- "denote "
- "HTML "
- "entities. "
- "If you "
- "want to "
- "use them "
- as literal
- "\n"
- characters
- ", you must"
- " escape "
- "them as "
- "entities, "
- "e.g. `&lt;"
- "`, and\n"
- "`&amp;`.\n\n"
- Ampersands
- " in "
- particular
- " are "
- bedeviling
- " for web "
- "writers. "
- "If you "
- "want to\n"
- "write "
- "about 'AT&"
- "T', you "
- "need to "
- "write '`AT"
- "&amp;T`'. "
- "You even "
- "need to\n"
- "escape "
- ampersands
- " within "
- "URLs. "
- "Thus, if "
- "you want "
- to link to
- ":\n\n"
- "    http:/"
- /
- images.goo
- gle.com/
- images?
- num=30&q=
- larry+bird
- "\n\n"
- "you need "
- "to encode "
- the URL as
- ":\n\n"
- "    http:/"
- /
- images.goo
- gle.com/
- images?
- num=30&amp
- ;q=larry+
- "bird\n\n"
- "in your "
- anchor tag
- " `href` "
- attribute.
- " Needless "
- "to say, "
- "this is "
- "easy to\n"
- "forget, "
- "and is "
- "probably "
- the single
- " most "
- "common "
- "source of "
- "HTML "
- validation
- "\n"
- "errors in "
- "otherwise "
- well-
- "marked-up "
- web sites.
- "\n\n"
- "Markdown "
- allows you
- " to use "
- "these "
- characters
- " naturally"
- ", taking "
- "care of\n"
- "all the "
- "necessary "
- "escaping "
- "for you. "
- If you use
- " an "
- "ampersand "
- as part of
- "\n"
- "an HTML "
- "entity, it"
- " remains "
- unchanged;
- " otherwise"
- " it will "
- "be "
- translated
- "\n"
- "into `&amp"
- ";`.\n\n"
- "So, if you"
- " want to "
- "include a "
- "copyright "
- "symbol in "
- "your "
- "article, "
- "you can "
- "write:\n\n"
- "    &copy;"
- "\n\n"
- "and "
- "Markdown "
- will leave
- " it alone."
- " But if "
- "you write:"
- "\n\n"
- "    AT&T\n\n"
- "Markdown "
- "will "
- "translate "
- "it to:\n\n"
- "    AT&amp"
- ";T\n\n"
- "Similarly,"
- " because "
- "Markdown "
- "supports ["
- "inline "
- "HTML](#"
- "html), if "
- "you use\n"
- "angle "
- "brackets "
- "as "
- delimiters
- " for HTML "
- "tags, "
- "Markdown "
- will treat
- " them as\n"
- "such. "
- But if you
- " write:\n\n"
- "    4 < 5\n"
- "\n"
- "Markdown "
- "will "
- "translate "
- "it to:\n\n"
- "    4 &lt;"
- " 5\n\n"
- "However, "
- "inside "
- "Markdown "
- code spans
- " and "
- "blocks, "
- "angle "
- "brackets "
- "and\n"
- ampersands
- " are *"
- "always* "
- "encoded "
- automatica
- "lly. "
- This makes
- " it easy "
- "to use\n"
- "Markdown "
- "to write "
- about HTML
- " code. "
- "(As "
- opposed to
- " raw HTML,"
- " which is "
- "a\n"
- "terrible "
- format for
- " writing "
- about HTML
- " syntax, "
- "because "
- "every "
- "single `<`"
- "\n"
- "and `&` in"
- " your "
- "example "
- code needs
- " to be "
- "escaped.)\n"
- "\n\n* * *\n"
- "\n\n"
- "<h2 id=\""
- "block\">"
- "Block "
- Elements</
- "h2>\n\n\n"
- "<h3 id=\"p\""
- ">"
- Paragraphs
- " and Line "
- Breaks</h3
- ">\n\n"
- "A "
- "paragraph "
- "is simply "
- "one or "
- "more "
- consecutiv
- e lines of
- " text, "
- "separated\n"
- "by one or "
- more blank
- " lines. "
- "(A blank "
- "line is "
- "any line "
- that looks
- " like a\n"
- blank line
- " -- a line"
- " "
- containing
- " nothing "
- but spaces
- " or tabs "
- "is "
- considered
- "\nblank.) "
- "Normal "
- paragraphs
- " should "
- "not be "
- "indented "
- "with "
- "spaces or "
- "tabs.\n\n"
- "The "
- implicatio
- "n of the \""
- "one or "
- "more "
- consecutiv
- e lines of
- " text\" "
- "rule is\n"
- "that "
- "Markdown "
- "supports \""
- hard-
- "wrapped\" "
- "text "
- paragraphs
- ". "
- "This "
- "differs\n"
- significan
- "tly from "
- most other
- " text-to-"
- "HTML "
- formatters
- " ("
- "including "
- "Movable\n"
- "Type's \""
- "Convert "
- "Line "
- "Breaks\" "
- "option) "
- "which "
- "translate "
- every line
- " break\n"
- "character "
- "in a "
- "paragraph "
- "into a `<"
- "br />` tag"
- ".\n\n"
- When you *
- "do* want "
- "to insert "
- "a `<br />`"
- " break tag"
- " using "
- "Markdown, "
- "you\n"
- end a line
- " with two "
- "or more "
- "spaces, "
- "then type "
- "return.\n\n"
- "Yes, this "
- "takes a "
- "tad more "
- "effort to "
- "create a `"
- "<br />`, "
- "but a "
- simplistic
- "\n"
- "\"every "
- line break
- " is a `<br"
- " />`\" rule"
- " wouldn't "
- "work for "
- "Markdown.\n"
- "Markdown's"
- " email-"
- "style ["
- blockquoti
- "ng][bq] "
- and multi-
- "paragraph "
- "[list "
- "items][l]\n"
- "work best "
- "-- and "
- "look "
- "better -- "
- "when you "
- "format "
- "them with "
- "hard "
- "breaks.\n\n"
- "  [bq]: #"
- blockquote
- "\n"
- "  [l]:  #"
- "list\n\n\n\n"
- "<h3 id=\""
- "header\">"
- Headers</
- "h3>\n\n"
- "Markdown "
- "supports "
- two styles
- " of "
- "headers, ["
- "Setext] [1"
- "] and [atx"
- "] [2].\n\n"
- Setext-
- "style "
- "headers "
- "are \""
- underlined
- "\" using "
- "equal "
- signs (for
- " first-"
- "level\n"
- "headers) "
- and dashes
- " (for "
- second-
- "level "
- "headers). "
- "For "
- "example:\n\n"
- "    This "
- "is an H1\n"
- "    ======"
- "=======\n\n"
- "    This "
- "is an H2\n"
- "    ------"
- "-------\n\n"
- Any number
- " of "
- underlinin
- "g `=`'s or"
- " `-`'s "
- will work.
- "\n\n"
- "Atx-style "
- "headers "
- "use 1-6 "
- "hash "
- characters
- " at the "
- "start of "
- "the line,\n"
- correspond
- "ing to "
- "header "
- levels 1-6
- ". "
- "For "
- "example:\n\n"
- "    # This"
- " is an H1\n"
- "\n"
- "    ## "
- This is an
- " H2\n\n"
- "    ######"
- " This is "
- "an H6\n\n"
- Optionally
- ", you may "
- "\"close\" "
- "atx-style "
- "headers. "
- "This is "
- "purely\n"
- cosmetic -
- "- you can "
- "use this "
- "if you "
- "think it "
- "looks "
- "better. "
- "The\n"
- "closing "
- "hashes "
- "don't even"
- " need to "
- "match the "
- "number of "
- "hashes\n"
- "used to "
- "open the "
- "header. "
- "(The "
- "number of "
- "opening "
- "hashes\n"
- determines
- " the "
- "header "
- "level.) :\n"
- "\n"
- "    # This"
- " is an H1 "
- "#\n\n"
- "    ## "
- This is an
- " H2 ##\n\n"
- "    ### "
- This is an
- " H3 ######"
- "\n\n\n"
- "<h3 id=\""
- blockquote
- "\">"
- Blockquote
- "s</h3>\n\n"
- "Markdown "
- uses email
- "-style `>`"
- " "
- characters
- " for "
- blockquoti
- "ng. "
- "If you're\n"
- "familiar "
- "with "
- "quoting "
- "passages "
- of text in
- " an email "
- "message, "
- "then you\n"
- "know how "
- "to create "
- "a "
- blockquote
- " in "
- "Markdown. "
- "It looks "
- "best if "
- "you hard\n"
- "wrap the "
- "text and "
- "put a `>` "
- "before "
- every line
- ":\n\n"
- "    > This"
- " is a "
- blockquote
- " with two "
- paragraphs
- ". "
- "Lorem "
- "ipsum "
- "dolor sit "
- "amet,\n"
- "    > "
- consectetu
- "er "
- adipiscing
- " elit. "
- "Aliquam "
- "hendrerit "
- mi posuere
- " lectus.\n"
- "    > "
- Vestibulum
- " enim wisi"
- ", viverra "
- "nec, "
- "fringilla "
- "in, "
- "laoreet "
- "vitae, "
- "risus.\n"
- "    >\n"
- "    > "
- "Donec sit "
- amet nisl.
- " Aliquam "
- "semper "
- "ipsum sit "
- amet velit
- ". "
- Suspendiss
- "e\n"
- "    > id "
- "sem "
- consectetu
- "er libero "
- "luctus "
- adipiscing
- ".\n\n"
- "Markdown "
- allows you
- " to be "
- "lazy and "
- "only put "
- "the `>` "
- before the
- " first\n"
- "line of a "
- hard-
- "wrapped "
- "paragraph:"
- "\n\n"
- "    > This"
- " is a "
- blockquote
- " with two "
- paragraphs
- ". "
- "Lorem "
- "ipsum "
- "dolor sit "
- "amet,\n"
- "    "
- consectetu
- "er "
- adipiscing
- " elit. "
- "Aliquam "
- "hendrerit "
- mi posuere
- " lectus.\n"
- "    "
- Vestibulum
- " enim wisi"
- ", viverra "
- "nec, "
- "fringilla "
- "in, "
- "laoreet "
- "vitae, "
- "risus.\n\n"
- "    > "
- "Donec sit "
- amet nisl.
- " Aliquam "
- "semper "
- "ipsum sit "
- amet velit
- ". "
- Suspendiss
- "e\n"
- "    id sem"
- " "
- consectetu
- "er libero "
- "luctus "
- adipiscing
- ".\n\n"
- Blockquote
- "s can be "
- nested (
- "i.e. a "
- blockquote
- "-in-a-"
- blockquote
- ") by\n"
- "adding "
- additional
- " levels of"
- " `>`:\n\n"
- "    > This"
- " is the "
- "first "
- "level of "
- "quoting.\n"
- "    >\n"
- "    > > "
- "This is "
- "nested "
- blockquote
- ".\n    >\n"
- "    > Back"
- " to the "
- "first "
- "level.\n\n"
- Blockquote
- "s can "
- "contain "
- "other "
- "Markdown "
- "elements, "
- "including "
- "headers, "
- "lists,\n"
- "and code "
- "blocks:\n\n"
- "\t> ## This"
- " is a "
- "header.\n"
- "\t>\n"
- "\t> 1.   "
- "This is "
- "the first "
- list item.
- "\n\t> 2.   "
- "This is "
- the second
- " list item"
- ".\n\t>\n"
- "\t> Here's "
- "some "
- "example "
- "code:\n\t>\n"
- "\t>     "
- "return "
- shell_exec
- "(\"echo $"
- input | $
- markdown_s
- "cript\");\n\n"
- Any decent
- " text "
- "editor "
- "should "
- make email
- "-style "
- "quoting "
- "easy. For\n"
- "example, "
- "with "
- "BBEdit, "
- "you can "
- "make a "
- "selection "
- and choose
- " Increase\n"
- "Quote "
- Level from
- " the Text "
- "menu.\n\n\n"
- "<h3 id=\""
- "list\">"
- Lists</h3>
- "\n\n"
- "Markdown "
- "supports "
- ordered (
- "numbered) "
- "and "
- "unordered "
- (bulleted)
- " lists.\n\n"
- "Unordered "
- "lists use "
- "asterisks,"
- " pluses, "
- "and "
- hyphens --
- " "
- interchang
- "ably\n"
- "-- as list"
- " markers:\n"
- "\n"
- "    *   "
- "Red\n"
- "    *   "
- "Green\n"
- "    *   "
- "Blue\n\n"
- "is "
- equivalent
- " to:\n\n"
- "    +   "
- "Red\n"
- "    +   "
- "Green\n"
- "    +   "
- "Blue\n\n"
- "and:\n\n"
- "    -   "
- "Red\n"
- "    -   "
- "Green\n"
- "    -   "
- "Blue\n\n"
- "Ordered "
- "lists use "
- "numbers "
- "followed "
- by periods
- ":\n\n"
- "    1.  "
- "Bird\n"
- "    2.  "
- "McHale\n"
- "    3.  "
- "Parish\n\n"
- "It's "
- "important "
- "to note "
- "that the "
- "actual "
- "numbers "
- you use to
- " mark the\n"
- "list have "
- "no effect "
- "on the "
- "HTML "
- "output "
- "Markdown "
- "produces. "
- "The HTML\n"
- "Markdown "
- "produces "
- "from the "
- above list
- " is:\n\n"
- "    <ol>\n"
- "    <li>"
- "Bird</li>\n"
- "    <li>"
- McHale</li
- ">\n"
- "    <li>"
- Parish</li
- ">\n"
- "    </ol>\n"
- "\n"
- "If you "
- "instead "
- "wrote the "
- "list in "
- "Markdown "
- "like this:"
- "\n\n    1.  "
- "Bird\n"
- "    1.  "
- "McHale\n"
- "    1.  "
- "Parish\n\n"
- "or even:\n\n"
- "    3. "
- "Bird\n"
- "    1. "
- "McHale\n"
- "    8. "
- "Parish\n\n"
- "you'd get "
- "the exact "
- "same HTML "
- "output. "
- "The point "
- "is, if you"
- " want to,\n"
- "you can "
- "use "
- "ordinal "
- numbers in
- " your "
- "ordered "
- "Markdown "
- "lists, so "
- "that\n"
- "the "
- numbers in
- " your "
- "source "
- "match the "
- numbers in
- " your "
- "published "
- "HTML.\n"
- But if you
- " want to "
- "be lazy, "
- "you don't "
- "have to.\n\n"
- "If you do "
- "use lazy "
- "list "
- "numbering,"
- " however, "
- you should
- " still "
- "start the\n"
- "list with "
- the number
- " 1. "
- "At some "
- "point in "
- the future
- ", Markdown"
- " may "
- "support\n"
- "starting "
- "ordered "
- "lists at "
- "an "
- "arbitrary "
- "number.\n\n"
- "List "
- "markers "
- "typically "
- "start at "
- "the left "
- "margin, "
- but may be
- " indented "
- "by\n"
- "up to "
- "three "
- "spaces. "
- "List "
- "markers "
- "must be "
- "followed "
- "by one or "
- "more "
- "spaces\n"
- "or a tab.\n"
- "\n"
- "To make "
- lists look
- " nice, you"
- " can wrap "
- items with
- " hanging "
- "indents:\n\n"
- "    *   "
- "Lorem "
- "ipsum "
- "dolor sit "
- "amet, "
- consectetu
- "er "
- adipiscing
- " elit.\n"
- "        "
- "Aliquam "
- "hendrerit "
- mi posuere
- " lectus. "
- Vestibulum
- " enim wisi"
- ",\n"
- "        "
- "viverra "
- "nec, "
- "fringilla "
- "in, "
- "laoreet "
- "vitae, "
- "risus.\n"
- "    *   "
- "Donec sit "
- amet nisl.
- " Aliquam "
- "semper "
- "ipsum sit "
- amet velit
- ".\n"
- "        "
- Suspendiss
- "e id sem "
- consectetu
- "er libero "
- "luctus "
- adipiscing
- ".\n\n"
- But if you
- " want to "
- "be lazy, "
- "you don't "
- "have to:\n\n"
- "    *   "
- "Lorem "
- "ipsum "
- "dolor sit "
- "amet, "
- consectetu
- "er "
- adipiscing
- " elit.\n"
- "    "
- "Aliquam "
- "hendrerit "
- mi posuere
- " lectus. "
- Vestibulum
- " enim wisi"
- ",\n"
- "    "
- "viverra "
- "nec, "
- "fringilla "
- "in, "
- "laoreet "
- "vitae, "
- "risus.\n"
- "    *   "
- "Donec sit "
- amet nisl.
- " Aliquam "
- "semper "
- "ipsum sit "
- amet velit
- ".\n"
- "    "
- Suspendiss
- "e id sem "
- consectetu
- "er libero "
- "luctus "
- adipiscing
- ".\n\n"
- "If list "
- "items are "
- "separated "
- "by blank "
- "lines, "
- "Markdown "
- "will wrap "
- "the\n"
- "items in `"
- "<p>` tags "
- "in the "
- "HTML "
- "output. "
- "For "
- "example, "
- this input
- ":\n\n"
- "    *   "
- "Bird\n"
- "    *   "
- "Magic\n\n"
- "will turn "
- "into:\n\n"
- "    <ul>\n"
- "    <li>"
- "Bird</li>\n"
- "    <li>"
- Magic</li>
- "\n"
- "    </ul>\n"
- "\n"
- "But this:\n"
- "\n"
- "    *   "
- "Bird\n\n"
- "    *   "
- "Magic\n\n"
- "will turn "
- "into:\n\n"
- "    <ul>\n"
- "    <li><p"
- ">Bird</p><"
- "/li>\n"
- "    <li><p"
- ">Magic</p>"
- "</li>\n"
- "    </ul>\n"
- "\n"
- List items
- " may "
- consist of
- " multiple "
- paragraphs
- ". "
- "Each "
- subsequent
- "\n"
- "paragraph "
- "in a list "
- "item must "
- "be "
- "indented "
- "by either "
- "4 spaces\n"
- or one tab
- ":\n\n"
- "    1.  "
- "This is a "
- "list item "
- "with two "
- paragraphs
- ". "
- "Lorem "
- "ipsum "
- "dolor\n"
- "        "
- "sit amet, "
- consectetu
- "er "
- adipiscing
- " elit. "
- "Aliquam "
- "hendrerit\n"
- "        mi"
- " posuere "
- "lectus.\n\n"
- "        "
- Vestibulum
- " enim wisi"
- ", viverra "
- "nec, "
- "fringilla "
- "in, "
- "laoreet\n"
- "        "
- "vitae, "
- "risus. "
- "Donec sit "
- amet nisl.
- " Aliquam "
- "semper "
- "ipsum\n"
- "        "
- "sit amet "
- "velit.\n\n"
- "    2.  "
- Suspendiss
- "e id sem "
- consectetu
- "er libero "
- "luctus "
- adipiscing
- ".\n\n"
- "It looks "
- "nice if "
- you indent
- " every "
- "line of "
- "the "
- subsequent
- "\n"
- paragraphs
- ", but here"
- " again, "
- "Markdown "
- will allow
- " you to be"
- "\nlazy:\n\n"
- "    *   "
- "This is a "
- "list item "
- "with two "
- paragraphs
- ".\n\n"
- "        "
- "This is "
- the second
- " paragraph"
- " in the "
- list item.
- " You're\n"
- "    only "
- "required "
- "to indent "
- "the first "
- "line. "
- "Lorem "
- "ipsum "
- "dolor\n"
- "    sit "
- "amet, "
- consectetu
- "er "
- adipiscing
- " elit.\n\n"
- "    *   "
- "Another "
- "item in "
- "the same "
- "list.\n\n"
- "To put a "
- blockquote
- " within a "
- "list item,"
- " the "
- blockquote
- "'s `>`\n"
- delimiters
- " need to "
- "be "
- "indented:\n"
- "\n"
- "    *   A "
- "list item "
- "with a "
- blockquote
- ":\n\n"
- "        > "
- "This is a "
- blockquote
- "\n"
- "        > "
- "inside a "
- list item.
- "\n\n"
- "To put a "
- code block
- " within a "
- "list item,"
- " the code "
- "block "
- "needs\n"
- "to be "
- indented *
- "twice* -- "
- "8 spaces "
- "or two "
- "tabs:\n\n"
- "    *   A "
- "list item "
- "with a "
- code block
- ":\n\n"
- "          "
- "  <code "
- goes here>
- "\n\n\n"
- "It's worth"
- " noting "
- "that it's "
- "possible "
- to trigger
- " an "
- "ordered "
- "list by\n"
- "accident, "
- by writing
- " something"
- " like this"
- ":\n\n"
- "    1986. "
- "What a "
- "great "
- "season.\n\n"
- "In other "
- "words, a *"
- number-
- period-
- "space* "
- "sequence "
- "at the "
- "beginning "
- "of a\n"
- "line. "
- "To avoid "
- "this, you "
- "can "
- backslash-
- escape the
- " period:\n\n"
- "    1986\\."
- " What a "
- "great "
- "season.\n\n\n"
- "\n"
- "<h3 id=\""
- "precode\">"
- "Code "
- Blocks</h3
- ">\n\n"
- Pre-
- "formatted "
- "code "
- blocks are
- " used for "
- "writing "
- "about "
- programmin
- "g or\n"
- "markup "
- "source "
- "code. "
- "Rather "
- "than "
- "forming "
- "normal "
- paragraphs
- ", the "
- "lines\n"
- "of a code "
- "block are "
- interprete
- "d "
- literally.
- " Markdown "
- "wraps a "
- code block
- "\n"
- "in both `<"
- "pre>` and "
- "`<code>` "
- "tags.\n\n"
- To produce
- " a code "
- "block in "
- "Markdown, "
- "simply "
- "indent "
- every line
- " of the\n"
- "block by "
- at least 4
- " spaces or"
- " 1 tab. "
- "For "
- "example, "
- given this
- " input:\n\n"
- "    This "
- "is a "
- "normal "
- "paragraph:"
- "\n\n"
- "        "
- "This is a "
- code block
- ".\n\n"
- "Markdown "
- "will "
- "generate:\n"
- "\n"
- "    <p>"
- "This is a "
- "normal "
- "paragraph:"
- "</p>\n\n"
- "    <pre><"
- "code>This "
- "is a code "
- "block.\n"
- "    </code"
- "></pre>\n\n"
- "One level "
- "of "
- indentatio
- "n -- 4 "
- "spaces or "
- "1 tab -- "
- is removed
- " from each"
- "\n"
- "line of "
- "the code "
- "block. "
- "For "
- "example, "
- "this:\n\n"
- "    Here "
- "is an "
- example of
- " "
- AppleScrip
- "t:\n\n"
- "        "
- "tell "
- applicatio
- "n \"Foo\"\n"
- "          "
- "  beep\n"
- "        "
- "end tell\n\n"
- "will turn "
- "into:\n\n"
- "    <p>"
- Here is an
- " example "
- "of "
- AppleScrip
- "t:</p>\n\n"
- "    <pre><"
- "code>tell "
- applicatio
- "n \"Foo\"\n"
- "        "
- "beep\n"
- "    end "
- "tell\n"
- "    </code"
- "></pre>\n\n"
- "A code "
- "block "
- "continues "
- "until it "
- "reaches a "
- "line that "
- "is not "
- "indented\n"
- "(or the "
- end of the
- " article)."
- "\n\n"
- "Within a "
- code block
- ", "
- ampersands
- " (`&`) and"
- " angle "
- brackets (
- "`<` and `>"
- "`)\n"
- "are "
- automatica
- "lly "
- "converted "
- "into HTML "
- "entities. "
- This makes
- " it very\n"
- "easy to "
- "include "
- "example "
- "HTML "
- "source "
- code using
- " Markdown "
- "-- just "
- "paste\n"
- "it and "
- "indent it,"
- " and "
- "Markdown "
- "will "
- handle the
- " hassle of"
- " encoding "
- "the\n"
- ampersands
- " and angle"
- " brackets."
- " For "
- "example, "
- "this:\n\n"
- "        <"
- div class=
- "\"footer\">\n"
- "          "
- "  &copy; "
- "2004 Foo "
- Corporatio
- "n\n"
- "        </"
- "div>\n\n"
- "will turn "
- "into:\n\n"
- "    <pre><"
- code>&lt;
- div class=
- "\"footer\"&"
- "gt;\n"
- "        &"
- "amp;copy; "
- "2004 Foo "
- Corporatio
- "n\n"
- "    &lt;/"
- "div&gt;\n"
- "    </code"
- "></pre>\n\n"
- "Regular "
- "Markdown "
- "syntax is "
- "not "
- "processed "
- "within "
- "code "
- "blocks. "
- "E.g.,\n"
- "asterisks "
- "are just "
- "literal "
- "asterisks "
- "within a "
- code block
- ". "
- This means
- "\n"
- "it's also "
- "easy to "
- "use "
- "Markdown "
- "to write "
- "about "
- "Markdown's"
- " own "
- "syntax.\n\n\n"
- "\n"
- "<h3 id=\"hr"
- "\">"
- Horizontal
- " Rules</h3"
- ">\n\n"
- "You can "
- "produce a "
- horizontal
- " rule tag "
- "(`<hr />`)"
- " by "
- "placing "
- "three or\n"
- "more "
- "hyphens, "
- "asterisks,"
- " or "
- underscore
- "s on a "
- "line by "
- themselves
- ". If you\n"
- "wish, you "
- "may use "
- "spaces "
- "between "
- "the "
- hyphens or
- " asterisks"
- ". "
- "Each of "
- "the\n"
- "following "
- lines will
- " produce a"
- " "
- horizontal
- " rule:\n\n"
- "    * * *\n"
- "\n    ***\n\n"
- "    *****\n"
- "\n"
- "    - - -\n"
- "\n"
- "    ------"
- "----------"
- "----------"
- "----------"
- "---\n\n\n"
- "* * *\n"
- "\n"
- "<h2 id=\""
- "span\">Span"
- " Elements<"
- "/h2>\n\n"
- "<h3 id=\""
- "link\">"
- Links</h3>
- "\n\n"
- "Markdown "
- "supports "
- "two style "
- "of links: "
- "*inline* "
- and *
- reference*
- ".\n\n"
- "In both "
- "styles, "
- "the link "
- "text is "
- "delimited "
- "by [square"
- " brackets]"
- ".\n\n"
- "To create "
- "an inline "
- "link, use "
- "a set of "
- "regular "
- parenthese
- "s "
- immediatel
- "y\n"
- "after the "
- "link "
- "text's "
- "closing "
- "square "
- "bracket. "
- Inside the
- " "
- parenthese
- "s,\n"
- "put the "
- "URL where "
- "you want "
- "the link "
- "to point, "
- along with
- " an *"
- "optional*\n"
- "title for "
- "the link, "
- surrounded
- " in quotes"
- ". "
- "For "
- "example:\n\n"
- "    This "
- "is [an "
- "example]("
- "http://"
- example.co
- "m/ \"Title\""
- ") inline "
- "link.\n\n"
- "    [This "
- "link](http"
- "://"
- example.ne
- t/) has no
- " title "
- attribute.
- "\n\n"
- "Will "
- "produce:\n\n"
- "    <p>"
- This is <a
- " href=\""
- "http://"
- example.co
- "m/\" title="
- "\"Title\">\n"
- "    an "
- example</a
- "> inline "
- "link.</p>\n"
- "\n"
- "    <p><a "
- "href=\"http"
- "://"
- example.ne
- "t/\">This "
- "link</a> "
- "has no\n"
- "    title "
- attribute.
- "</p>\n\n"
- "If you're "
- "referring "
- to a local
- " resource "
- "on the "
- "same "
- "server, "
- "you can\n"
- "use "
- "relative "
- "paths:\n\n"
- "    See my"
- " [About](/"
- "about/) "
- "page for "
- "details.\n\n"
- Reference-
- "style "
- "links use "
- "a second "
- "set of "
- "square "
- "brackets, "
- "inside\n"
- "which you "
- "place a "
- "label of "
- "your "
- "choosing "
- "to "
- "identify "
- "the link:\n"
- "\n"
- "    This "
- "is [an "
- "example]["
- "id] "
- reference-
- style link
- ".\n\n"
- "You can "
- optionally
- " use a "
- "space to "
- "separate "
- "the sets "
- "of "
- "brackets:\n"
- "\n"
- "    This "
- "is [an "
- "example] ["
- "id] "
- reference-
- style link
- ".\n\n"
- "Then, "
- "anywhere "
- "in the "
- "document, "
- you define
- " your link"
- " label "
- "like this,"
- "\n"
- "on a line "
- "by itself:"
- "\n\n"
- "    [id]: "
- "http://"
- example.co
- "m/  \""
- "Optional "
- Title Here
- "\"\n\n"
- "That is:\n\n"
- "*   Square"
- " brackets "
- containing
- " the link "
- identifier
- " ("
- optionally
- "\n"
- "    "
- "indented "
- "from the "
- "left "
- "margin "
- "using up "
- "to three "
- "spaces);\n"
- "*   "
- "followed "
- by a colon
- ";\n"
- "*   "
- "followed "
- "by one or "
- "more "
- spaces (or
- " tabs);\n"
- "*   "
- "followed "
- by the URL
- " for the "
- "link;\n"
- "*   "
- optionally
- " followed "
- by a title
- " attribute"
- " for the "
- "link, "
- "enclosed\n"
- "    in "
- "double or "
- "single "
- "quotes, or"
- " enclosed "
- "in "
- parenthese
- "s.\n\n"
- "The "
- "following "
- three link
- " "
- definition
- "s are "
- equivalent
- ":\n\n"
- "\t[foo]: "
- "http://"
- example.co
- "m/  \""
- "Optional "
- Title Here
- "\"\n"
- "\t[foo]: "
- "http://"
- example.co
- "m/  '"
- "Optional "
- Title Here
- "'\n"
- "\t[foo]: "
- "http://"
- example.co
- m/  (
- "Optional "
- Title Here
- ")\n\n"
- "**Note:** "
- There is a
- " known bug"
- " in "
- Markdown.p
- "l 1.0.1 "
- "which "
- "prevents\n"
- "single "
- "quotes "
- from being
- " used to "
- "delimit "
- "link "
- "titles.\n\n"
- "The link "
- "URL may, "
- optionally
- ", be "
- surrounded
- " by angle "
- "brackets:\n"
- "\n"
- "    [id]: "
- "<http://"
- example.co
- "m/>  \""
- "Optional "
- Title Here
- "\"\n\n"
- "You can "
- "put the "
- "title "
- "attribute "
- "on the "
- "next line "
- "and use "
- "extra "
- "spaces\n"
- "or tabs "
- "for "
- "padding, "
- "which "
- "tends to "
- "look "
- "better "
- "with "
- "longer "
- "URLs:\n\n"
- "    [id]: "
- "http://"
- example.co
- m/longish/
- path/to/
- resource/
- "here\n"
- "        \""
- "Optional "
- Title Here
- "\"\n\n"
- "Link "
- definition
- s are only
- " used for "
- "creating "
- "links "
- "during "
- "Markdown\n"
- processing
- ", and are "
- "stripped "
- "from your "
- "document "
- "in the "
- "HTML "
- "output.\n\n"
- "Link "
- definition
- " names may"
- " consist "
- of letters
- ", numbers,"
- " spaces, "
- "and\n"
- punctuatio
- "n -- but "
- they are *
- "not* case "
- sensitive.
- " E.g. "
- "these two\n"
- "links:\n\n"
- "\t[link "
- "text][a]\n"
- "\t[link "
- "text][A]\n\n"
- "are "
- equivalent
- ".\n\n"
- The *
- "implicit "
- link name*
- " shortcut "
- allows you
- " to omit "
- "the name "
- "of the\n"
- "link, in "
- which case
- " the link "
- "text "
- "itself is "
- "used as "
- "the name.\n"
- "Just use "
- "an empty "
- "set of "
- "square "
- brackets -
- "- e.g., to"
- " link the "
- "word\n"
- "\"Google\" "
- "to the "
- google.com
- " web site,"
- " you could"
- " simply "
- "write:\n\n"
- "\t[Google]["
- "]\n\n"
- "And then "
- define the
- " link:\n\n"
- "\t[Google]:"
- " http://"
- google.com
- "/\n\n"
- "Because "
- link names
- " may "
- "contain "
- "spaces, "
- "this "
- "shortcut "
- even works
- " for\n"
- "multiple "
- "words in "
- "the link "
- "text:\n\n"
- "\tVisit ["
- "Daring "
- "Fireball]["
- "] for more"
- " "
- informatio
- "n.\n\n"
- "And then "
- define the
- " link:\n\n"
- "\t[Daring "
- "Fireball]:"
- " http://"
- daringfire
- "ball.net/\n"
- "\n"
- "Link "
- definition
- "s can be "
- "placed "
- "anywhere "
- "in your "
- "Markdown "
- "document. "
- "I\n"
- "tend to "
- "put them "
- immediatel
- "y after "
- "each "
- "paragraph "
- "in which "
- "they're\n"
- "used, but "
- "if you "
- "want, you "
- "can put "
- "them all "
- at the end
- " of your\n"
- "document, "
- "sort of "
- "like "
- footnotes.
- "\n\n"
- "Here's an "
- example of
- " reference"
- " links in "
- "action:\n\n"
- "    I get "
- "10 times "
- "more "
- "traffic "
- "from ["
- "Google] [1"
- "] than "
- "from\n"
- "    [Yahoo"
- "] [2] or ["
- "MSN] [3].\n"
- "\n"
- "      [1]:"
- " http://"
- google.com
- "/        \""
- "Google\"\n"
- "      [2]:"
- " http://"
- search.yah
- "oo.com/  \""
- "Yahoo "
- "Search\"\n"
- "      [3]:"
- " http://"
- search.msn
- ".com/    \""
- MSN Search
- "\"\n\n"
- "Using the "
- "implicit "
- "link name "
- "shortcut, "
- "you could "
- "instead "
- "write:\n\n"
- "    I get "
- "10 times "
- "more "
- "traffic "
- "from ["
- "Google][] "
- "than from\n"
- "    [Yahoo"
- "][] or ["
- "MSN][].\n\n"
- "      ["
- "google]: "
- "http://"
- google.com
- "/        \""
- "Google\"\n"
- "      ["
- "yahoo]:  "
- "http://"
- search.yah
- "oo.com/  \""
- "Yahoo "
- "Search\"\n"
- "      [msn"
- "]:    http"
- "://"
- search.msn
- ".com/    \""
- MSN Search
- "\"\n\n"
- "Both of "
- "the above "
- "examples "
- "will "
- "produce "
- "the "
- "following "
- "HTML "
- "output:\n\n"
- "    <p>I "
- "get 10 "
- times more
- " traffic "
- "from <a "
- "href=\"http"
- "://"
- google.com
- "/\"\n"
- "    title="
- "\"Google\">"
- Google</a>
- " than from"
- "\n"
- "    <a "
- "href=\"http"
- "://"
- search.yah
- "oo.com/\" "
- "title=\""
- "Yahoo "
- "Search\">"
- "Yahoo</a>\n"
- "    or <a "
- "href=\"http"
- "://"
- search.msn
- ".com/\" "
- "title=\"MSN"
- " Search\">"
- MSN</a>.</
- "p>\n\n"
- "For "
- comparison
- ", here is "
- "the same "
- "paragraph "
- "written "
- "using\n"
- "Markdown's"
- " inline "
- link style
- ":\n\n"
- "    I get "
- "10 times "
- "more "
- "traffic "
- "from ["
- "Google]("
- "http://"
- google.com
- "/ \"Google\""
- ")\n"
- "    than "
- "from ["
- "Yahoo]("
- "http://"
- search.yah
- "oo.com/ \""
- "Yahoo "
- "Search\") "
- "or\n"
- "    [MSN]("
- "http://"
- search.msn
- ".com/ \"MSN"
- " Search\")."
- "\n\n"
- "The point "
- "of "
- reference-
- "style "
- "links is "
- "not that "
- "they're "
- "easier to\n"
- "write. "
- "The point "
- "is that "
- "with "
- reference-
- "style "
- "links, "
- "your "
- "document\n"
- "source is "
- "vastly "
- "more "
- "readable. "
- "Compare "
- "the above "
- "examples: "
- "using\n"
- reference-
- "style "
- "links, the"
- " paragraph"
- " itself is"
- " only 81 "
- characters
- "\n"
- long; with
- " inline-"
- "style "
- "links, "
- "it's 176 "
- characters
- "; and as "
- "raw HTML,\n"
- "it's 234 "
- characters
- ". "
- In the raw
- " HTML, "
- "there's "
- "more "
- "markup "
- than there
- "\nis text.\n"
- "\n"
- "With "
- "Markdown's"
- " reference"
- "-style "
- "links, a "
- "source "
- "document "
- "much more\n"
- "closely "
- "resembles "
- "the final "
- "output, as"
- " rendered "
- "in a "
- "browser. "
- "By\n"
- "allowing "
- "you to "
- "move the "
- markup-
- "related "
- "metadata "
- out of the
- " paragraph"
- ",\n"
- "you can "
- "add links "
- "without "
- interrupti
- "ng the "
- "narrative "
- "flow of "
- "your\n"
- "prose.\n\n\n"
- "<h3 id=\"em"
- "\">Emphasis"
- "</h3>\n\n"
- "Markdown "
- "treats "
- "asterisks "
- "(`*`) and "
- underscore
- "s (`_`) as"
- " "
- indicators
- " of\n"
- "emphasis. "
- "Text "
- "wrapped "
- "with one `"
- "*` or `_` "
- "will be "
- "wrapped "
- "with an\n"
- "HTML `<em>"
- "` tag; "
- "double `*`"
- "'s or `_`'"
- "s will be "
- "wrapped "
- "with an "
- "HTML\n"
- "`<strong>`"
- " tag. "
- "E.g., this"
- " input:\n\n"
- "    *"
- "single "
- asterisks*
- "\n\n"
- "    "
- "_single "
- underscore
- "s_\n\n"
- "    **"
- "double "
- asterisks*
- "*\n\n"
- "    "
- "__double "
- underscore
- "s__\n\n"
- "will "
- "produce:\n\n"
- "    <em>"
- "single "
- asterisks<
- "/em>\n\n"
- "    <em>"
- "single "
- underscore
- "s</em>\n\n"
- "    <"
- strong>
- "double "
- asterisks<
- "/strong>\n\n"
- "    <"
- strong>
- "double "
- underscore
- s</strong>
- "\n\n"
- "You can "
- "use "
- "whichever "
- "style you "
- "prefer; "
- "the lone "
- restrictio
- "n is that\n"
- "the same "
- "character "
- "must be "
- "used to "
- "open and "
- "close an "
- "emphasis "
- "span.\n\n"
- "Emphasis "
- "can be "
- "used in "
- the middle
- " of a word"
- ":\n\n"
- "    un*"
- frigging*
- believable
- "\n\n"
- But if you
- " surround "
- "an `*` or "
- "`_` with "
- "spaces, "
- "it'll be "
- treated as
- " a\n"
- "literal "
- "asterisk "
- "or "
- underscore
- ".\n\n"
- To produce
- " a literal"
- " asterisk "
- "or "
- underscore
- " at a "
- "position "
- "where it\n"
- "would "
- "otherwise "
- be used as
- " an "
- "emphasis "
- "delimiter,"
- " you can "
- "backslash\n"
- "escape it:"
- "\n\n"
- "    \\*this"
- " text is "
- surrounded
- " by "
- "literal "
- "asterisks\\"
- "*\n\n\n\n"
- "<h3 id=\""
- "code\">Code"
- "</h3>\n\n"
- "To "
- indicate a
- " span of "
- "code, wrap"
- " it with "
- "backtick "
- "quotes (``"
- " ` ``).\n"
- "Unlike a "
- pre-
- "formatted "
- code block
- ", a code "
- "span "
- "indicates "
- "code "
- "within a\n"
- "normal "
- paragraph.
- " For "
- "example:\n\n"
- "    Use "
- "the `"
- "printf()` "
- "function.\n"
- "\n"
- "will "
- "produce:\n\n"
- "    <p>Use"
- " the <code"
- ">printf()<"
- "/code> "
- function.<
- "/p>\n\n"
- To include
- " a literal"
- " backtick "
- "character "
- "within a "
- "code span,"
- " you can "
- "use\n"
- "multiple "
- "backticks "
- "as the "
- "opening "
- "and "
- "closing "
- delimiters
- ":\n\n"
- "    ``"
- There is a
- " literal "
- backtick (
- "`) here."
- "``\n\n"
- which will
- " produce "
- "this:\n\n"
- "    <p><"
- code>There
- " is a "
- "literal "
- backtick (
- "`) here.</"
- "code></p>\n"
- "\n"
- "The "
- "backtick "
- delimiters
- " "
- surroundin
- "g a code "
- "span may "
- "include "
- "spaces --\n"
- "one after "
- "the "
- "opening, "
- one before
- " the "
- "closing. "
- "This "
- allows you
- " to place\n"
- "literal "
- "backtick "
- characters
- " at the "
- "beginning "
- "or end of "
- "a code "
- "span:\n\n"
- "\tA single "
- "backtick "
- "in a code "
- "span: `` `"
- " ``\n\n"
- "\tA "
- backtick-
- "delimited "
- "string in "
- "a code "
- "span: `` `"
- "foo` ``\n\n"
- "will "
- "produce:\n\n"
- "\t<p>A "
- "single "
- "backtick "
- "in a code "
- "span: <"
- "code>`</"
- "code></p>\n"
- "\n"
- "\t<p>A "
- backtick-
- "delimited "
- "string in "
- "a code "
- "span: <"
- "code>`foo`"
- "</code></p"
- ">\n\n"
- "With a "
- "code span,"
- " "
- ampersands
- " and angle"
- " brackets "
- "are "
- encoded as
- " HTML\n"
- "entities "
- automatica
- "lly, which"
- " makes it "
- "easy to "
- "include "
- "example "
- "HTML\n"
- "tags. "
- "Markdown "
- "will turn "
- "this:\n\n"
- "    Please"
- " don't use"
- " any `<"
- "blink>` "
- "tags.\n\n"
- "into:\n\n"
- "    <p>"
- "Please "
- "don't use "
- any <code>
- "&lt;blink&"
- gt;</code>
- " tags.</p>"
- "\n\n"
- "You can "
- write this
- ":\n\n"
- "    `&#"
- "8212;` is "
- "the "
- decimal-
- "encoded "
- equivalent
- " of `&"
- "mdash;`.\n\n"
- to produce
- ":\n\n"
- "    <p><"
- code>&amp;
- "#8212;</"
- "code> is "
- "the "
- decimal-
- "encoded\n"
- "    "
- equivalent
- " of <code>"
- "&amp;mdash"
- ;</code>.<
- "/p>\n\n\n\n"
- "<h3 id=\""
- "img\">"
- Images</h3
- ">\n\n"
- Admittedly
- ", it's "
- "fairly "
- "difficult "
- "to devise "
- "a \"natural"
- "\" syntax "
- "for\n"
- "placing "
- "images "
- "into a "
- plain text
- " document "
- "format.\n\n"
- "Markdown "
- "uses an "
- "image "
- "syntax "
- "that is "
- "intended "
- "to "
- "resemble "
- the syntax
- "\n"
- "for links,"
- " allowing "
- "for two "
- "styles: *"
- "inline* "
- and *
- reference*
- ".\n\n"
- "Inline "
- "image "
- "syntax "
- looks like
- " this:\n\n"
- "    !["
- "Alt text]("
- /path/to/
- "img.jpg)\n\n"
- "    !["
- "Alt text]("
- /path/to/
- "img.jpg \""
- "Optional "
- "title\")\n\n"
- "That is:\n\n"
- "*   An "
- exclamatio
- "n mark: `!"
- "`;\n"
- "*   "
- "followed "
- "by a set "
- "of square "
- "brackets, "
- containing
- " the `alt`"
- "\n"
- "    "
- "attribute "
- "text for "
- the image;
- "\n"
- "*   "
- "followed "
- "by a set "
- "of "
- parenthese
- "s, "
- containing
- " the URL "
- or path to
- "\n"
- "    the "
- "image, and"
- " an "
- "optional `"
- "title` "
- "attribute "
- "enclosed "
- "in double\n"
- "    or "
- "single "
- "quotes.\n\n"
- Reference-
- "style "
- "image "
- "syntax "
- looks like
- " this:\n\n"
- "    !["
- "Alt text]["
- "id]\n\n"
- "Where \"id\""
- " is the "
- "name of a "
- "defined "
- "image "
- reference.
- " Image "
- references
- "\n"
- "are "
- "defined "
- "using "
- "syntax "
- "identical "
- "to link "
- references
- ":\n\n"
- "    [id]: "
- url/to/
- "image  \""
- "Optional "
- "title "
- "attribute\""
- "\n\n"
- As of this
- " writing, "
- "Markdown "
- "has no "
- syntax for
- " "
- specifying
- " the\n"
- dimensions
- " of an "
- "image; if "
- "this is "
- "important "
- "to you, "
- "you can "
- "simply\n"
- "use "
- "regular "
- "HTML `<img"
- ">` tags.\n\n"
- "\n* * *\n"
- "\n\n"
- "<h2 id=\""
- "misc\">"
- Miscellane
- "ous</h2>\n\n"
- "<h3 id=\""
- "autolink\">"
- "Automatic "
- Links</h3>
- "\n\n"
- "Markdown "
- supports a
- " shortcut "
- "style for "
- "creating \""
- "automatic\""
- " links for"
- " URLs and "
- "email "
- "addresses:"
- " simply "
- "surround "
- the URL or
- " email "
- "address "
- with angle
- " brackets."
- " What this"
- " means is "
- "that if "
- "you want "
- "to show "
- the actual
- " text of a"
- " URL or "
- "email "
- "address, "
- "and also "
- have it be
- " a "
- "clickable "
- "link, you "
- "can do "
- "this:\n\n"
- "    <http:"
- //
- example.co
- "m/>\n\n"
- "Markdown "
- "will turn "
- "this into:"
- "\n\n"
- "    <a "
- "href=\"http"
- "://"
- example.co
- "m/\">http:/"
- /
- example.co
- "m/</a>\n\n"
- "Automatic "
- "links for "
- "email "
- "addresses "
- "work "
- "similarly,"
- " except "
- "that\n"
- "Markdown "
- "will also "
- "perform a "
- "bit of "
- randomized
- " decimal "
- "and hex\n"
- entity-
- "encoding "
- "to help "
- "obscure "
- "your "
- "address "
- "from "
- address-
- harvesting
- "\n"
- "spambots. "
- "For "
- "example, "
- "Markdown "
- "will turn "
- "this:\n\n"
- "    <"
- address@
- example.co
- "m>\n\n"
- "into "
- "something "
- "like this:"
- "\n\n"
- "    <a "
- "href=\"&#"
- "x6D;&#x61;"
- "i&#x6C;&#"
- "x74;&#x6F;"
- ":&#x61;&#"
- "x64;&#x64;"
- "&#x72;&#"
- "x65;\n"
- "    &#115;"
- "&#115;&#64"
- ";&#101;&#"
- "120;&#x61;"
- "&#109;&#"
- "x70;&#x6C;"
- "e&#x2E;&#"
- "99;&#111;\n"
- "    &#109;"
- "\">&#x61;&#"
- "x64;&#x64;"
- "&#x72;&#"
- "x65;&#115;"
- "&#115;&#64"
- ";&#101;&#"
- "120;&#x61;"
- "\n"
- "    &#109;"
- "&#x70;&#"
- "x6C;e&#x2E"
- ";&#99;&#"
- "111;&#109;"
- "</a>\n\n"
- which will
- " render in"
- " a browser"
- " as a "
- "clickable "
- "link to \""
- address@
- example.co
- "m\".\n\n"
- (This sort
- " of entity"
- "-encoding "
- trick will
- " indeed "
- "fool many,"
- " if not\n"
- "most, "
- address-
- harvesting
- " bots, but"
- " it "
- definitely
- " won't "
- "fool all "
- "of\nthem. "
- "It's "
- "better "
- "than "
- "nothing, "
- "but an "
- "address "
- "published "
- "in this "
- "way\n"
- "will "
- "probably "
- eventually
- " start "
- "receiving "
- "spam.)\n\n\n\n"
- "<h3 id=\""
- "backslash\""
- ">Backslash"
- " Escapes</"
- "h3>\n\n"
- "Markdown "
- allows you
- " to use "
- "backslash "
- escapes to
- " generate "
- "literal\n"
- characters
- " which "
- "would "
- "otherwise "
- "have "
- "special "
- meaning in
- " "
- "Markdown's"
- "\n"
- formatting
- " syntax. "
- "For "
- "example, "
- "if you "
- "wanted to "
- surround a
- " word\n"
- "with "
- "literal "
- "asterisks "
- "(instead "
- of an HTML
- " `<em>` "
- "tag), you "
- "can use\n"
- backslashe
- "s before "
- "the "
- "asterisks,"
- " like this"
- ":\n\n"
- "    \\*"
- "literal "
- "asterisks\\"
- "*\n\n"
- "Markdown "
- "provides "
- "backslash "
- "escapes "
- "for the "
- "following "
- characters
- ":\n\n"
- "    \\   "
- "backslash\n"
- "    `   "
- "backtick\n"
- "    *   "
- "asterisk\n"
- "    _   "
- underscore
- "\n"
- "    {}  "
- "curly "
- "braces\n"
- "    []  "
- "square "
- "brackets\n"
- "    ()  "
- parenthese
- "s\n"
- "    #   "
- "hash mark\n"
- "\t+\tplus "
- "sign\n"
- "\t-\tminus "
- sign (
- "hyphen)\n"
- "    .   "
- "dot\n"
- "    !   "
- exclamatio
- "n mark\n"

